   Γû▓ Next.js 15.0.3
   - Environments: .env.local, .env

   Creating an optimized production build ...
node.exe : <w> [webpack.cache.PackFileCacheStrategy] Serializing big strings (155kiB) impacts deserialization 
performance (consider using Buffer instead and decode when needed)
At line:1 char:1
+ & "C:\Program Files\nodejs/node.exe" "C:\Program Files\nodejs/node_mo ...
+ ~~~~~~~~~~~~~~~~~~~~~~~~~~~~~~~~~~~~~~~~~~~~~~~~~~~~~~~~~~~~~~~~~~~~~
    + CategoryInfo          : NotSpecified: (<w> [webpack.ca...de when needed):String) [], RemoteException
    + FullyQualifiedErrorId : NativeCommandError
 
 ΓÜá Compiled with warnings

./node_modules/@upstash/redis/nodejs.mjs
A Node.js API is used (process.version at line: 240) which is not supported in the Edge Runtime.
Learn more: https://nextjs.org/docs/api-reference/edge-runtime

Import trace for requested module:
./node_modules/@upstash/redis/nodejs.mjs
./node_modules/@vercel/kv/dist/index.js
./src/lib/kv/ratelimit.ts

./node_modules/jose/dist/webapi/lib/deflate.js
A Node.js API is used (CompressionStream at line: 10) which is not supported in the Edge Runtime.
Learn more: https://nextjs.org/docs/api-reference/edge-runtime

Import trace for requested module:
./node_modules/jose/dist/webapi/lib/deflate.js
./node_modules/jose/dist/webapi/jwe/flattened/decrypt.js
./node_modules/jose/dist/webapi/index.js

./node_modules/jose/dist/webapi/lib/deflate.js
A Node.js API is used (DecompressionStream at line: 26) which is not supported in the Edge Runtime.
Learn more: https://nextjs.org/docs/api-reference/edge-runtime

Import trace for requested module:
./node_modules/jose/dist/webapi/lib/deflate.js
./node_modules/jose/dist/webapi/jwe/flattened/decrypt.js
./node_modules/jose/dist/webapi/index.js

<w> [webpack.cache.PackFileCacheStrategy] Caching failed for pack: Error: ENOENT: no such file or directory, open 
'C:\Users\pc\Desktop\EGY\New folder (20)\egyptian-awareness-library\.next\cache\webpack\client-production\0.pack_'
 Γ£ô Compiled successfully
   Skipping validation of types
   Skipping linting
   Collecting page data ...

> Build error occurred
Error: ENOENT: no such file or directory, open 'C:\Users\pc\Desktop\EGY\New folder 
(20)\egyptian-awareness-library\.next\server\pages-manifest.json'
    at async readManifest (C:\Users\pc\Desktop\EGY\New folder 
(20)\egyptian-awareness-library\node_modules\next\dist\build\index.js:191:23)
    at async (C:\Users\pc\Desktop\EGY\New folder 
(20)\egyptian-awareness-library\node_modules\next\dist\build\index.js:1131:33)
    at async Span.traceAsyncFn (C:\Users\pc\Desktop\EGY\New folder 
(20)\egyptian-awareness-library\node_modules\next\dist\trace\trace.js:153:20)
    at async build (C:\Users\pc\Desktop\EGY\New folder 
(20)\egyptian-awareness-library\node_modules\next\dist\build\index.js:361:9) {
  errno: -4058,
  code: 'ENOENT',
  syscall: 'open',
  path: 'C:\\Users\\pc\\Desktop\\EGY\\New folder (20)\\egyptian-awareness-library\\.next\\server\\pages-manifest.json'
}
